Archive member included because of file (symbol)

c:/program files (x86)/gnu tools arm embedded/4.8 2013q4/bin/../lib/gcc/arm-none-eabi/4.8.3/armv6-m\libgcc.a(_udivsi3.o)
                              _build/pstorage.o (__aeabi_uidiv)
c:/program files (x86)/gnu tools arm embedded/4.8 2013q4/bin/../lib/gcc/arm-none-eabi/4.8.3/armv6-m\libgcc.a(_dvmd_tls.o)
                              c:/program files (x86)/gnu tools arm embedded/4.8 2013q4/bin/../lib/gcc/arm-none-eabi/4.8.3/armv6-m\libgcc.a(_udivsi3.o) (__aeabi_idiv0)
c:/program files (x86)/gnu tools arm embedded/4.8 2013q4/bin/../lib/gcc/arm-none-eabi/4.8.3/../../../../arm-none-eabi/lib/armv6-m\libc.a(lib_a-exit.o)
                              c:/program files (x86)/gnu tools arm embedded/4.8 2013q4/bin/../lib/gcc/arm-none-eabi/4.8.3/../../../../arm-none-eabi/lib/armv6-m/crt0.o (exit)
c:/program files (x86)/gnu tools arm embedded/4.8 2013q4/bin/../lib/gcc/arm-none-eabi/4.8.3/../../../../arm-none-eabi/lib/armv6-m\libc.a(lib_a-impure.o)
                              c:/program files (x86)/gnu tools arm embedded/4.8 2013q4/bin/../lib/gcc/arm-none-eabi/4.8.3/../../../../arm-none-eabi/lib/armv6-m\libc.a(lib_a-exit.o) (_global_impure_ptr)
c:/program files (x86)/gnu tools arm embedded/4.8 2013q4/bin/../lib/gcc/arm-none-eabi/4.8.3/../../../../arm-none-eabi/lib/armv6-m\libc.a(lib_a-init.o)
                              c:/program files (x86)/gnu tools arm embedded/4.8 2013q4/bin/../lib/gcc/arm-none-eabi/4.8.3/../../../../arm-none-eabi/lib/armv6-m/crt0.o (__libc_init_array)
c:/program files (x86)/gnu tools arm embedded/4.8 2013q4/bin/../lib/gcc/arm-none-eabi/4.8.3/../../../../arm-none-eabi/lib/armv6-m\libc.a(lib_a-memcmp.o)
                              _build/device_manager_peripheral.o (memcmp)
c:/program files (x86)/gnu tools arm embedded/4.8 2013q4/bin/../lib/gcc/arm-none-eabi/4.8.3/../../../../arm-none-eabi/lib/armv6-m\libc.a(lib_a-memcpy-stub.o)
                              _build/main.o (memcpy)
c:/program files (x86)/gnu tools arm embedded/4.8 2013q4/bin/../lib/gcc/arm-none-eabi/4.8.3/../../../../arm-none-eabi/lib/armv6-m\libc.a(lib_a-memmove.o)
                              _build/ble_hrs.o (memmove)
c:/program files (x86)/gnu tools arm embedded/4.8 2013q4/bin/../lib/gcc/arm-none-eabi/4.8.3/../../../../arm-none-eabi/lib/armv6-m\libc.a(lib_a-memset.o)
                              c:/program files (x86)/gnu tools arm embedded/4.8 2013q4/bin/../lib/gcc/arm-none-eabi/4.8.3/../../../../arm-none-eabi/lib/armv6-m/crt0.o (memset)
c:/program files (x86)/gnu tools arm embedded/4.8 2013q4/bin/../lib/gcc/arm-none-eabi/4.8.3/../../../../arm-none-eabi/lib/armv6-m\libc.a(lib_a-strlen.o)
                              _build/ble_srv_common.o (strlen)
c:/program files (x86)/gnu tools arm embedded/4.8 2013q4/bin/../lib/gcc/arm-none-eabi/4.8.3/../../../../arm-none-eabi/lib/armv6-m\libc.a(lib_a-strncpy.o)
                              _build/ble_debug_assert_handler.o (strncpy)
c:/program files (x86)/gnu tools arm embedded/4.8 2013q4/bin/../lib/gcc/arm-none-eabi/4.8.3/../../../../arm-none-eabi/lib/armv6-m\libc.a(lib_a-__call_atexit.o)
                              c:/program files (x86)/gnu tools arm embedded/4.8 2013q4/bin/../lib/gcc/arm-none-eabi/4.8.3/../../../../arm-none-eabi/lib/armv6-m\libc.a(lib_a-exit.o) (__call_exitprocs)
c:/program files (x86)/gnu tools arm embedded/4.8 2013q4/bin/../lib/gcc/arm-none-eabi/4.8.3/../../../../arm-none-eabi/lib/armv6-m\libc.a(lib_a-atexit.o)
                              c:/program files (x86)/gnu tools arm embedded/4.8 2013q4/bin/../lib/gcc/arm-none-eabi/4.8.3/../../../../arm-none-eabi/lib/armv6-m\libc.a(lib_a-__call_atexit.o) (atexit)
c:/program files (x86)/gnu tools arm embedded/4.8 2013q4/bin/../lib/gcc/arm-none-eabi/4.8.3/../../../../arm-none-eabi/lib/armv6-m\libc.a(lib_a-fini.o)
                              c:/program files (x86)/gnu tools arm embedded/4.8 2013q4/bin/../lib/gcc/arm-none-eabi/4.8.3/../../../../arm-none-eabi/lib/armv6-m\libc.a(lib_a-__call_atexit.o) (__libc_fini_array)
c:/program files (x86)/gnu tools arm embedded/4.8 2013q4/bin/../lib/gcc/arm-none-eabi/4.8.3/../../../../arm-none-eabi/lib/armv6-m\libc.a(lib_a-__atexit.o)
                              c:/program files (x86)/gnu tools arm embedded/4.8 2013q4/bin/../lib/gcc/arm-none-eabi/4.8.3/../../../../arm-none-eabi/lib/armv6-m\libc.a(lib_a-atexit.o) (__register_exitproc)
c:/program files (x86)/gnu tools arm embedded/4.8 2013q4/bin/../lib/gcc/arm-none-eabi/4.8.3/../../../../arm-none-eabi/lib/armv6-m\libnosys.a(_exit.o)
                              c:/program files (x86)/gnu tools arm embedded/4.8 2013q4/bin/../lib/gcc/arm-none-eabi/4.8.3/../../../../arm-none-eabi/lib/armv6-m\libc.a(lib_a-exit.o) (_exit)

Allocating common symbols
Common symbol       size              file

__stdin             0x68              _build/app_trace.o
__stdout            0x68              _build/app_trace.o

Memory Configuration

Name             Origin             Length             Attributes
FLASH            0x00016000         0x0002a000         xr
RAM              0x20002000         0x00002000         xrw
*default*        0x00000000         0xffffffff

Linker script and memory map

LOAD c:/program files (x86)/gnu tools arm embedded/4.8 2013q4/bin/../lib/gcc/arm-none-eabi/4.8.3/armv6-m/crti.o
LOAD c:/program files (x86)/gnu tools arm embedded/4.8 2013q4/bin/../lib/gcc/arm-none-eabi/4.8.3/armv6-m/crtbegin.o
LOAD c:/program files (x86)/gnu tools arm embedded/4.8 2013q4/bin/../lib/gcc/arm-none-eabi/4.8.3/../../../../arm-none-eabi/lib/armv6-m/crt0.o
LOAD _build/main.o
LOAD _build/ble_dis.o
LOAD _build/ble_bas.o
LOAD _build/ble_hrs.o
LOAD _build/ble_srv_common.o
LOAD _build/ble_sensorsim.o
LOAD _build/softdevice_handler.o
LOAD _build/ble_advdata.o
LOAD _build/ble_debug_assert_handler.o
LOAD _build/ble_error_log.o
LOAD _build/ble_conn_params.o
LOAD _build/app_timer.o
LOAD _build/pstorage.o
LOAD _build/crc16.o
LOAD _build/device_manager_peripheral.o
LOAD _build/app_trace.o
LOAD _build/simple_uart.o
LOAD _build/app_gpiote.o
LOAD _build/app_button.o
LOAD _build/system_nrf51.o
LOAD _build/gcc_startup_nrf51.o
START GROUP
LOAD c:/program files (x86)/gnu tools arm embedded/4.8 2013q4/bin/../lib/gcc/arm-none-eabi/4.8.3/armv6-m\libgcc.a
LOAD c:/program files (x86)/gnu tools arm embedded/4.8 2013q4/bin/../lib/gcc/arm-none-eabi/4.8.3/../../../../arm-none-eabi/lib/armv6-m\libc.a
END GROUP
LOAD c:/program files (x86)/gnu tools arm embedded/4.8 2013q4/bin/../lib/gcc/arm-none-eabi/4.8.3/armv6-m/crtend.o
LOAD c:/program files (x86)/gnu tools arm embedded/4.8 2013q4/bin/../lib/gcc/arm-none-eabi/4.8.3/armv6-m/crtn.o
START GROUP
LOAD c:/program files (x86)/gnu tools arm embedded/4.8 2013q4/bin/../lib/gcc/arm-none-eabi/4.8.3/armv6-m\libgcc.a
LOAD c:/program files (x86)/gnu tools arm embedded/4.8 2013q4/bin/../lib/gcc/arm-none-eabi/4.8.3/../../../../arm-none-eabi/lib/armv6-m\libc.a
LOAD c:/program files (x86)/gnu tools arm embedded/4.8 2013q4/bin/../lib/gcc/arm-none-eabi/4.8.3/../../../../arm-none-eabi/lib/armv6-m\libnosys.a
END GROUP

.text           0x00016000     0x5a08
 *(.Vectors)
 .Vectors       0x00016000       0xc0 _build/gcc_startup_nrf51.o
                0x00016000                __Vectors
 *(.text*)
 .text          0x000160c0        0x0 c:/program files (x86)/gnu tools arm embedded/4.8 2013q4/bin/../lib/gcc/arm-none-eabi/4.8.3/armv6-m/crti.o
 .text          0x000160c0       0x60 c:/program files (x86)/gnu tools arm embedded/4.8 2013q4/bin/../lib/gcc/arm-none-eabi/4.8.3/armv6-m/crtbegin.o
 .text          0x00016120       0x78 c:/program files (x86)/gnu tools arm embedded/4.8 2013q4/bin/../lib/gcc/arm-none-eabi/4.8.3/../../../../arm-none-eabi/lib/armv6-m/crt0.o
                0x00016120                _start
                0x00016120                _mainCRTStartup
 .text          0x00016198        0x0 _build/main.o
 .text.sd_ble_gap_adv_start
                0x00016198        0x4 _build/main.o
 .text.sd_ble_gap_disconnect
                0x0001619c        0x4 _build/main.o
 .text.sd_ble_gap_appearance_set
                0x000161a0        0x4 _build/main.o
 .text.sd_ble_gap_ppcp_set
                0x000161a4        0x4 _build/main.o
 .text.sd_ble_gap_device_name_set
                0x000161a8        0x4 _build/main.o
 .text.sd_ble_enable
                0x000161ac        0x4 _build/main.o
 .text.sd_nvic_critical_region_enter
                0x000161b0        0x4 _build/main.o
 .text.sd_power_system_off
                0x000161b4        0x4 _build/main.o
 .text.sd_app_evt_wait
                0x000161b8        0x4 _build/main.o
 .text.sensor_contact_detected_timeout_handler
                0x000161bc       0x18 _build/main.o
 .text.rr_interval_timeout_handler
                0x000161d4       0x2c _build/main.o
 .text.app_error_handler
                0x00016200       0x9c _build/main.o
                0x00016200                app_error_handler
 .text.heart_rate_meas_timeout_handler
                0x0001629c       0x6c _build/main.o
 .text.battery_level_meas_timeout_handler
                0x00016308       0x48 _build/main.o
 .text.device_manager_evt_handler
                0x00016350       0x1c _build/main.o
 .text.conn_params_error_handler
                0x0001636c       0x10 _build/main.o
 .text.on_conn_params_evt
                0x0001637c       0x2c _build/main.o
 .text.sys_evt_dispatch
                0x000163a8       0x74 _build/main.o
 .text.ble_evt_dispatch
                0x0001641c       0xe4 _build/main.o
 .text.assert_nrf_callback
                0x00016500       0x14 _build/main.o
                0x00016500                assert_nrf_callback
 .text.startup.main
                0x00016514      0x54c _build/main.o
                0x00016514                main
 .text          0x00016a60        0x0 _build/ble_dis.o
 .text.sd_ble_gatts_service_add
                0x00016a60        0x4 _build/ble_dis.o
 .text.sd_ble_gatts_characteristic_add
                0x00016a64        0x4 _build/ble_dis.o
 .text.ble_dis_init
                0x00016a68      0x4d8 _build/ble_dis.o
                0x00016a68                ble_dis_init
 .text          0x00016f40        0x0 _build/ble_bas.o
 .text.sd_ble_gatts_service_add
                0x00016f40        0x4 _build/ble_bas.o
 .text.sd_ble_gatts_characteristic_add
                0x00016f44        0x4 _build/ble_bas.o
 .text.sd_ble_gatts_descriptor_add
                0x00016f48        0x4 _build/ble_bas.o
 .text.sd_ble_gatts_value_set
                0x00016f4c        0x4 _build/ble_bas.o
 .text.sd_ble_gatts_hvx
                0x00016f50        0x4 _build/ble_bas.o
 .text.ble_bas_on_ble_evt
                0x00016f54       0x58 _build/ble_bas.o
                0x00016f54                ble_bas_on_ble_evt
 .text.ble_bas_init
                0x00016fac      0x130 _build/ble_bas.o
                0x00016fac                ble_bas_init
 .text.ble_bas_battery_level_update
                0x000170dc       0x74 _build/ble_bas.o
                0x000170dc                ble_bas_battery_level_update
 .text          0x00017150        0x0 _build/ble_hrs.o
 .text.sd_ble_gatts_service_add
                0x00017150        0x4 _build/ble_hrs.o
 .text.sd_ble_gatts_characteristic_add
                0x00017154        0x4 _build/ble_hrs.o
 .text.sd_ble_gatts_value_set
                0x00017158        0x4 _build/ble_hrs.o
 .text.sd_ble_gatts_hvx
                0x0001715c        0x4 _build/ble_hrs.o
 .text.ble_hrs_on_ble_evt
                0x00017160       0x54 _build/ble_hrs.o
                0x00017160                ble_hrs_on_ble_evt
 .text.ble_hrs_init
                0x000171b4      0x250 _build/ble_hrs.o
                0x000171b4                ble_hrs_init
 .text.ble_hrs_heart_rate_measurement_send
                0x00017404      0x110 _build/ble_hrs.o
                0x00017404                ble_hrs_heart_rate_measurement_send
 .text.ble_hrs_rr_interval_add
                0x00017514       0x34 _build/ble_hrs.o
                0x00017514                ble_hrs_rr_interval_add
 .text.ble_hrs_rr_interval_buffer_is_full
                0x00017548       0x10 _build/ble_hrs.o
                0x00017548                ble_hrs_rr_interval_buffer_is_full
 .text.ble_hrs_sensor_contact_supported_set
                0x00017558       0x1c _build/ble_hrs.o
                0x00017558                ble_hrs_sensor_contact_supported_set
 .text.ble_hrs_sensor_contact_detected_update
                0x00017574        0x8 _build/ble_hrs.o
                0x00017574                ble_hrs_sensor_contact_detected_update
 .text.ble_hrs_body_sensor_location_set
                0x0001757c       0x1c _build/ble_hrs.o
                0x0001757c                ble_hrs_body_sensor_location_set
 .text          0x00017598        0x0 _build/ble_srv_common.o
 .text.ble_srv_report_ref_encode
                0x00017598        0xc _build/ble_srv_common.o
                0x00017598                ble_srv_report_ref_encode
 .text.ble_srv_ascii_to_utf8
                0x000175a4       0x14 _build/ble_srv_common.o
                0x000175a4                ble_srv_ascii_to_utf8
 .text          0x000175b8        0x0 _build/ble_sensorsim.o
 .text.ble_sensorsim_init
                0x000175b8       0x18 _build/ble_sensorsim.o
                0x000175b8                ble_sensorsim_init
 .text.ble_sensorsim_measure
                0x000175d0       0x40 _build/ble_sensorsim.o
                0x000175d0                ble_sensorsim_measure
 .text          0x00017610        0x0 _build/softdevice_handler.o
 .text.sd_nvic_EnableIRQ
                0x00017610        0x4 _build/softdevice_handler.o
 .text.sd_evt_get
                0x00017614        0x4 _build/softdevice_handler.o
 .text.sd_softdevice_enable
                0x00017618        0x4 _build/softdevice_handler.o
 .text.sd_softdevice_disable
                0x0001761c        0x4 _build/softdevice_handler.o
 .text.sd_ble_evt_get
                0x00017620        0x4 _build/softdevice_handler.o
 .text.softdevice_assertion_handler
                0x00017624        0xc _build/softdevice_handler.o
                0x00017624                softdevice_assertion_handler
 .text.intern_softdevice_events_execute
                0x00017630       0xa4 _build/softdevice_handler.o
                0x00017630                intern_softdevice_events_execute
 .text.softdevice_handler_init
                0x000176d4       0x38 _build/softdevice_handler.o
                0x000176d4                softdevice_handler_init
 .text.softdevice_handler_sd_disable
                0x0001770c       0x18 _build/softdevice_handler.o
                0x0001770c                softdevice_handler_sd_disable
 .text.softdevice_ble_evt_handler_set
                0x00017724       0x14 _build/softdevice_handler.o
                0x00017724                softdevice_ble_evt_handler_set
 .text.softdevice_sys_evt_handler_set
                0x00017738       0x14 _build/softdevice_handler.o
                0x00017738                softdevice_sys_evt_handler_set
 .text.SWI2_IRQHandler
                0x0001774c       0x2c _build/softdevice_handler.o
                0x0001774c                SWI2_IRQHandler
 .text          0x00017778        0x0 _build/ble_advdata.o
 .text.sd_ble_gap_adv_data_set
                0x00017778        0x4 _build/ble_advdata.o
 .text.sd_ble_gap_appearance_get
                0x0001777c        0x4 _build/ble_advdata.o
 .text.sd_ble_gap_device_name_get
                0x00017780        0x4 _build/ble_advdata.o
 .text.sd_ble_uuid_encode
                0x00017784        0x4 _build/ble_advdata.o
 .text.uuid_list_sized_encode
                0x00017788       0xcc _build/ble_advdata.o
 .text.ble_advdata_set
                0x00017854      0x6dc _build/ble_advdata.o
                0x00017854                ble_advdata_set
 .text          0x00017f30        0x0 _build/ble_debug_assert_handler.o
 .text.ble_debug_assert_handler
                0x00017f30       0x30 _build/ble_debug_assert_handler.o
                0x00017f30                ble_debug_assert_handler
 .text          0x00017f60        0x0 _build/ble_error_log.o
 .text.ble_error_log_write
                0x00017f60       0x44 _build/ble_error_log.o
                0x00017f60                ble_error_log_write
 .text          0x00017fa4        0x0 _build/ble_conn_params.o
 .text.sd_ble_gap_conn_param_update
                0x00017fa4        0x4 _build/ble_conn_params.o
 .text.sd_ble_gap_disconnect
                0x00017fa8        0x4 _build/ble_conn_params.o
 .text.sd_ble_gap_ppcp_set
                0x00017fac        0x4 _build/ble_conn_params.o
 .text.sd_ble_gap_ppcp_get
                0x00017fb0        0x4 _build/ble_conn_params.o
 .text.update_timeout_handler
                0x00017fb4       0x6c _build/ble_conn_params.o
 .text.conn_params_negotiation
                0x00018020       0x6c _build/ble_conn_params.o
 .text.ble_conn_params_init
                0x0001808c       0x64 _build/ble_conn_params.o
                0x0001808c                ble_conn_params_init
 .text.ble_conn_params_stop
                0x000180f0       0x10 _build/ble_conn_params.o
                0x000180f0                ble_conn_params_stop
 .text.ble_conn_params_on_ble_evt
                0x00018100       0x94 _build/ble_conn_params.o
                0x00018100                ble_conn_params_on_ble_evt
 .text.ble_conn_params_change_conn_params
                0x00018194       0x5c _build/ble_conn_params.o
                0x00018194                ble_conn_params_change_conn_params
 .text          0x000181f0        0x0 _build/app_timer.o
 .text.rtc1_stop
                0x000181f0       0x84 _build/app_timer.o
 .text.RTC1_IRQHandler
                0x00018274       0xd0 _build/app_timer.o
                0x00018274                RTC1_IRQHandler
 .text.SWI0_IRQHandler
                0x00018344      0x498 _build/app_timer.o
                0x00018344                SWI0_IRQHandler
 .text.app_timer_init
                0x000187dc       0xf8 _build/app_timer.o
                0x000187dc                app_timer_init
 .text.app_timer_create
                0x000188d4       0x64 _build/app_timer.o
                0x000188d4                app_timer_create
 .text.app_timer_start
                0x00018938      0x110 _build/app_timer.o
                0x00018938                app_timer_start
 .text.app_timer_stop
                0x00018a48       0xdc _build/app_timer.o
                0x00018a48                app_timer_stop
 .text.app_timer_stop_all
                0x00018b24       0xc4 _build/app_timer.o
                0x00018b24                app_timer_stop_all
 .text.app_timer_cnt_get
                0x00018be8       0x14 _build/app_timer.o
                0x00018be8                app_timer_cnt_get
 .text.app_timer_cnt_diff_compute
                0x00018bfc        0xc _build/app_timer.o
                0x00018bfc                app_timer_cnt_diff_compute
 .text          0x00018c08        0x0 _build/pstorage.o
 .text.sd_flash_write
                0x00018c08        0x4 _build/pstorage.o
 .text.sd_flash_page_erase
                0x00018c0c        0x4 _build/pstorage.o
 .text.swap_state_process
                0x00018c10      0x1ec _build/pstorage.o
 .text.cmd_process
                0x00018dfc       0xf8 _build/pstorage.o
 .text.cmd_queue_enqueue
                0x00018ef4       0x68 _build/pstorage.o
 .text.pstorage_sys_event_handler
                0x00018f5c      0x174 _build/pstorage.o
                0x00018f5c                pstorage_sys_event_handler
 .text.pstorage_init
                0x000190d0      0x16c _build/pstorage.o
                0x000190d0                pstorage_init
 .text.pstorage_register
                0x0001923c      0x130 _build/pstorage.o
                0x0001923c                pstorage_register
 .text.pstorage_block_identifier_get
                0x0001936c       0x50 _build/pstorage.o
                0x0001936c                pstorage_block_identifier_get
 .text.pstorage_store
                0x000193bc       0x88 _build/pstorage.o
                0x000193bc                pstorage_store
 .text.pstorage_update
                0x00019444       0x88 _build/pstorage.o
                0x00019444                pstorage_update
 .text.pstorage_load
                0x000194cc       0xac _build/pstorage.o
                0x000194cc                pstorage_load
 .text.pstorage_clear
                0x00019578       0x68 _build/pstorage.o
                0x00019578                pstorage_clear
 .text.pstorage_access_status_get
                0x000195e0       0x2c _build/pstorage.o
                0x000195e0                pstorage_access_status_get
 .text          0x0001960c        0x0 _build/crc16.o
 .text.crc16_compute
                0x0001960c       0x40 _build/crc16.o
                0x0001960c                crc16_compute
 .text          0x0001964c        0x0 _build/device_manager_peripheral.o
 .text.sd_ble_gap_authenticate
                0x0001964c        0x4 _build/device_manager_peripheral.o
 .text.sd_ble_gap_sec_params_reply
                0x00019650        0x4 _build/device_manager_peripheral.o
 .text.sd_ble_gap_sec_info_reply
                0x00019654        0x4 _build/device_manager_peripheral.o
 .text.sd_ble_gatts_sys_attr_set
                0x00019658        0x4 _build/device_manager_peripheral.o
 .text.sd_ble_gatts_sys_attr_get
                0x0001965c        0x4 _build/device_manager_peripheral.o
 .text.storage_operation_dummy_handler
                0x00019660        0x4 _build/device_manager_peripheral.o
 .text.no_service_context_store
                0x00019664        0x4 _build/device_manager_peripheral.o
 .text.gattc_context_store
                0x00019668        0x4 _build/device_manager_peripheral.o
 .text.no_service_context_load
                0x0001966c        0x4 _build/device_manager_peripheral.o
 .text.gattc_context_load
                0x00019670        0x4 _build/device_manager_peripheral.o
 .text.no_service_context_apply
                0x00019674        0x4 _build/device_manager_peripheral.o
 .text.gatts_context_apply
                0x00019678       0x4c _build/device_manager_peripheral.o
 .text.gattc_context_apply
                0x000196c4        0x4 _build/device_manager_peripheral.o
 .text.gatts_context_store
                0x000196c8       0xd0 _build/device_manager_peripheral.o
 .text.device_context_store
                0x00019798       0xf4 _build/device_manager_peripheral.o
 .text.gatts_context_load
                0x0001988c       0x38 _build/device_manager_peripheral.o
 .text.dm_pstorage_cb_handler
                0x000198c4      0x140 _build/device_manager_peripheral.o
 .text.gattsc_context_load
                0x00019a04       0x38 _build/device_manager_peripheral.o
 .text.gattsc_context_apply
                0x00019a3c       0x4c _build/device_manager_peripheral.o
 .text.gattsc_context_store
                0x00019a88       0xd0 _build/device_manager_peripheral.o
 .text.dm_init  0x00019b58      0x128 _build/device_manager_peripheral.o
                0x00019b58                dm_init
 .text.dm_register
                0x00019c80       0x58 _build/device_manager_peripheral.o
                0x00019c80                dm_register
 .text.dm_security_setup_req
                0x00019cd8       0x58 _build/device_manager_peripheral.o
                0x00019cd8                dm_security_setup_req
 .text.dm_security_status_req
                0x00019d30       0x6c _build/device_manager_peripheral.o
                0x00019d30                dm_security_status_req
 .text.dm_whitelist_create
                0x00019d9c       0xb4 _build/device_manager_peripheral.o
                0x00019d9c                dm_whitelist_create
 .text.dm_device_add
                0x00019e50        0x8 _build/device_manager_peripheral.o
                0x00019e50                dm_device_add
 .text.dm_device_delete
                0x00019e58       0xc0 _build/device_manager_peripheral.o
                0x00019e58                dm_device_delete
 .text.dm_device_delete_all
                0x00019f18       0xb4 _build/device_manager_peripheral.o
                0x00019f18                dm_device_delete_all
 .text.dm_service_context_set
                0x00019fcc       0xac _build/device_manager_peripheral.o
                0x00019fcc                dm_service_context_set
 .text.dm_service_context_get
                0x0001a078       0xc0 _build/device_manager_peripheral.o
                0x0001a078                dm_service_context_get
 .text.dm_service_context_delete
                0x0001a138       0x58 _build/device_manager_peripheral.o
                0x0001a138                dm_service_context_delete
 .text.dm_application_context_set
                0x0001a190        0x8 _build/device_manager_peripheral.o
                0x0001a190                dm_application_context_set
 .text.dm_application_context_get
                0x0001a198        0x8 _build/device_manager_peripheral.o
                0x0001a198                dm_application_context_get
 .text.dm_application_context_delete
                0x0001a1a0        0x8 _build/device_manager_peripheral.o
                0x0001a1a0                dm_application_context_delete
 .text.dm_application_instance_set
                0x0001a1a8       0x38 _build/device_manager_peripheral.o
                0x0001a1a8                dm_application_instance_set
 .text.dm_handle_initialize
                0x0001a1e0       0x1c _build/device_manager_peripheral.o
                0x0001a1e0                dm_handle_initialize
 .text.dm_peer_addr_set
                0x0001a1fc       0x90 _build/device_manager_peripheral.o
                0x0001a1fc                dm_peer_addr_set
 .text.dm_peer_addr_get
                0x0001a28c       0x84 _build/device_manager_peripheral.o
                0x0001a28c                dm_peer_addr_get
 .text.bond_data_load
                0x0001a310       0x54 _build/device_manager_peripheral.o
                0x0001a310                bond_data_load
 .text.dm_ble_evt_handler
                0x0001a364      0x69c _build/device_manager_peripheral.o
                0x0001a364                dm_ble_evt_handler
 .text          0x0001aa00        0x0 _build/app_trace.o
 .text          0x0001aa00        0x0 _build/simple_uart.o
 .text.simple_uart_get
                0x0001aa00       0x24 _build/simple_uart.o
                0x0001aa00                simple_uart_get
 .text.simple_uart_get_with_timeout
                0x0001aa24       0x64 _build/simple_uart.o
                0x0001aa24                simple_uart_get_with_timeout
 .text.simple_uart_put
                0x0001aa88       0x24 _build/simple_uart.o
                0x0001aa88                simple_uart_put
 .text.simple_uart_putstring
                0x0001aaac       0x38 _build/simple_uart.o
                0x0001aaac                simple_uart_putstring
 .text.simple_uart_config
                0x0001aae4       0x9c _build/simple_uart.o
                0x0001aae4                simple_uart_config
 .text          0x0001ab80        0x0 _build/app_gpiote.o
 .text.GPIOTE_IRQHandler
                0x0001ab80      0x170 _build/app_gpiote.o
                0x0001ab80                GPIOTE_IRQHandler
 .text.app_gpiote_init
                0x0001acf0       0x70 _build/app_gpiote.o
                0x0001acf0                app_gpiote_init
 .text.app_gpiote_user_register
                0x0001ad60       0x78 _build/app_gpiote.o
                0x0001ad60                app_gpiote_user_register
 .text.app_gpiote_user_enable
                0x0001add8       0xc0 _build/app_gpiote.o
                0x0001add8                app_gpiote_user_enable
 .text.app_gpiote_user_disable
                0x0001ae98       0x88 _build/app_gpiote.o
                0x0001ae98                app_gpiote_user_disable
 .text.app_gpiote_pins_state_get
                0x0001af20       0x38 _build/app_gpiote.o
                0x0001af20                app_gpiote_pins_state_get
 .text          0x0001af58        0x0 _build/app_button.o
 .text.gpiote_event_handler
                0x0001af58       0x28 _build/app_button.o
 .text.detection_delay_timeout_handler
                0x0001af80      0x110 _build/app_button.o
 .text.app_button_init
                0x0001b090       0x80 _build/app_button.o
                0x0001b090                app_button_init
 .text.app_button_enable
                0x0001b110       0x18 _build/app_button.o
                0x0001b110                app_button_enable
 .text.app_button_disable
                0x0001b128       0x24 _build/app_button.o
                0x0001b128                app_button_disable
 .text.app_button_is_pushed
                0x0001b14c       0x64 _build/app_button.o
                0x0001b14c                app_button_is_pushed
 .text          0x0001b1b0        0x0 _build/system_nrf51.o
 .text.SystemCoreClockUpdate
                0x0001b1b0       0x10 _build/system_nrf51.o
                0x0001b1b0                SystemCoreClockUpdate
 .text.SystemInit
                0x0001b1c0       0x8c _build/system_nrf51.o
                0x0001b1c0                SystemInit
 .text          0x0001b24c       0x54 _build/gcc_startup_nrf51.o
                0x0001b24c                Reset_Handler
                0x0001b294                NMI_Handler
                0x0001b296                HardFault_Handler
                0x0001b298                SVC_Handler
                0x0001b29a                PendSV_Handler
                0x0001b29c                SysTick_Handler
                0x0001b29e                RTC0_IRQHandler
                0x0001b29e                POWER_CLOCK_IRQHandler
                0x0001b29e                SPI0_TWI0_IRQHandler
                0x0001b29e                LPCOMP_IRQHandler
                0x0001b29e                SWI4_IRQHandler
                0x0001b29e                TEMP_IRQHandler
                0x0001b29e                QDEC_IRQHandler
                0x0001b29e                UART0_IRQHandler
                0x0001b29e                SWI5_IRQHandler
                0x0001b29e                TIMER0_IRQHandler
                0x0001b29e                RADIO_IRQHandler
                0x0001b29e                TIMER1_IRQHandler
                0x0001b29e                ECB_IRQHandler
                0x0001b29e                Default_Handler
                0x0001b29e                ADC_IRQHandler
                0x0001b29e                SWI3_IRQHandler
                0x0001b29e                CCM_AAR_IRQHandler
                0x0001b29e                WDT_IRQHandler
                0x0001b29e                TIMER2_IRQHandler
                0x0001b29e                RNG_IRQHandler
                0x0001b29e                SPI1_TWI1_IRQHandler
                0x0001b29e                SWI1_IRQHandler
 .text          0x0001b2a0       0x9c c:/program files (x86)/gnu tools arm embedded/4.8 2013q4/bin/../lib/gcc/arm-none-eabi/4.8.3/armv6-m\libgcc.a(_udivsi3.o)
                0x0001b2a0                __aeabi_uidiv
                0x0001b2a0                __udivsi3
                0x0001b328                __aeabi_uidivmod
 .text          0x0001b33c        0x4 c:/program files (x86)/gnu tools arm embedded/4.8 2013q4/bin/../lib/gcc/arm-none-eabi/4.8.3/armv6-m\libgcc.a(_dvmd_tls.o)
                0x0001b33c                __aeabi_idiv0
                0x0001b33c                __aeabi_ldiv0
 .text          0x0001b340        0x0 c:/program files (x86)/gnu tools arm embedded/4.8 2013q4/bin/../lib/gcc/arm-none-eabi/4.8.3/../../../../arm-none-eabi/lib/armv6-m\libc.a(lib_a-exit.o)
 .text.exit     0x0001b340       0x20 c:/program files (x86)/gnu tools arm embedded/4.8 2013q4/bin/../lib/gcc/arm-none-eabi/4.8.3/../../../../arm-none-eabi/lib/armv6-m\libc.a(lib_a-exit.o)
                0x0001b340                exit
 .text          0x0001b360        0x0 c:/program files (x86)/gnu tools arm embedded/4.8 2013q4/bin/../lib/gcc/arm-none-eabi/4.8.3/../../../../arm-none-eabi/lib/armv6-m\libc.a(lib_a-impure.o)
 .text          0x0001b360        0x0 c:/program files (x86)/gnu tools arm embedded/4.8 2013q4/bin/../lib/gcc/arm-none-eabi/4.8.3/../../../../arm-none-eabi/lib/armv6-m\libc.a(lib_a-init.o)
 .text.__libc_init_array
                0x0001b360       0x48 c:/program files (x86)/gnu tools arm embedded/4.8 2013q4/bin/../lib/gcc/arm-none-eabi/4.8.3/../../../../arm-none-eabi/lib/armv6-m\libc.a(lib_a-init.o)
                0x0001b360                __libc_init_array
 .text          0x0001b3a8        0x0 c:/program files (x86)/gnu tools arm embedded/4.8 2013q4/bin/../lib/gcc/arm-none-eabi/4.8.3/../../../../arm-none-eabi/lib/armv6-m\libc.a(lib_a-memcmp.o)
 .text.memcmp   0x0001b3a8       0x4c c:/program files (x86)/gnu tools arm embedded/4.8 2013q4/bin/../lib/gcc/arm-none-eabi/4.8.3/../../../../arm-none-eabi/lib/armv6-m\libc.a(lib_a-memcmp.o)
                0x0001b3a8                memcmp
 .text          0x0001b3f4        0x0 c:/program files (x86)/gnu tools arm embedded/4.8 2013q4/bin/../lib/gcc/arm-none-eabi/4.8.3/../../../../arm-none-eabi/lib/armv6-m\libc.a(lib_a-memcpy-stub.o)
 .text.memcpy   0x0001b3f4       0x84 c:/program files (x86)/gnu tools arm embedded/4.8 2013q4/bin/../lib/gcc/arm-none-eabi/4.8.3/../../../../arm-none-eabi/lib/armv6-m\libc.a(lib_a-memcpy-stub.o)
                0x0001b3f4                memcpy
 .text          0x0001b478        0x0 c:/program files (x86)/gnu tools arm embedded/4.8 2013q4/bin/../lib/gcc/arm-none-eabi/4.8.3/../../../../arm-none-eabi/lib/armv6-m\libc.a(lib_a-memmove.o)
 .text.memmove  0x0001b478       0xa4 c:/program files (x86)/gnu tools arm embedded/4.8 2013q4/bin/../lib/gcc/arm-none-eabi/4.8.3/../../../../arm-none-eabi/lib/armv6-m\libc.a(lib_a-memmove.o)
                0x0001b478                memmove
 .text          0x0001b51c        0x0 c:/program files (x86)/gnu tools arm embedded/4.8 2013q4/bin/../lib/gcc/arm-none-eabi/4.8.3/../../../../arm-none-eabi/lib/armv6-m\libc.a(lib_a-memset.o)
 .text.memset   0x0001b51c       0xbc c:/program files (x86)/gnu tools arm embedded/4.8 2013q4/bin/../lib/gcc/arm-none-eabi/4.8.3/../../../../arm-none-eabi/lib/armv6-m\libc.a(lib_a-memset.o)
                0x0001b51c                memset
 .text          0x0001b5d8        0x0 c:/program files (x86)/gnu tools arm embedded/4.8 2013q4/bin/../lib/gcc/arm-none-eabi/4.8.3/../../../../arm-none-eabi/lib/armv6-m\libc.a(lib_a-strlen.o)
 .text.strlen   0x0001b5d8       0x10 c:/program files (x86)/gnu tools arm embedded/4.8 2013q4/bin/../lib/gcc/arm-none-eabi/4.8.3/../../../../arm-none-eabi/lib/armv6-m\libc.a(lib_a-strlen.o)
                0x0001b5d8                strlen
 .text          0x0001b5e8        0x0 c:/program files (x86)/gnu tools arm embedded/4.8 2013q4/bin/../lib/gcc/arm-none-eabi/4.8.3/../../../../arm-none-eabi/lib/armv6-m\libc.a(lib_a-strncpy.o)
 .text.strncpy  0x0001b5e8       0x74 c:/program files (x86)/gnu tools arm embedded/4.8 2013q4/bin/../lib/gcc/arm-none-eabi/4.8.3/../../../../arm-none-eabi/lib/armv6-m\libc.a(lib_a-strncpy.o)
                0x0001b5e8                strncpy
 .text          0x0001b65c        0x0 c:/program files (x86)/gnu tools arm embedded/4.8 2013q4/bin/../lib/gcc/arm-none-eabi/4.8.3/../../../../arm-none-eabi/lib/armv6-m\libc.a(lib_a-__call_atexit.o)
 .text.startup.register_fini
                0x0001b65c       0x18 c:/program files (x86)/gnu tools arm embedded/4.8 2013q4/bin/../lib/gcc/arm-none-eabi/4.8.3/../../../../arm-none-eabi/lib/armv6-m\libc.a(lib_a-__call_atexit.o)
 .text.__call_exitprocs
                0x0001b674      0x118 c:/program files (x86)/gnu tools arm embedded/4.8 2013q4/bin/../lib/gcc/arm-none-eabi/4.8.3/../../../../arm-none-eabi/lib/armv6-m\libc.a(lib_a-__call_atexit.o)
                0x0001b674                __call_exitprocs
 .text          0x0001b78c        0x0 c:/program files (x86)/gnu tools arm embedded/4.8 2013q4/bin/../lib/gcc/arm-none-eabi/4.8.3/../../../../arm-none-eabi/lib/armv6-m\libc.a(lib_a-atexit.o)
 .text.atexit   0x0001b78c       0x10 c:/program files (x86)/gnu tools arm embedded/4.8 2013q4/bin/../lib/gcc/arm-none-eabi/4.8.3/../../../../arm-none-eabi/lib/armv6-m\libc.a(lib_a-atexit.o)
                0x0001b78c                atexit
 .text          0x0001b79c        0x0 c:/program files (x86)/gnu tools arm embedded/4.8 2013q4/bin/../lib/gcc/arm-none-eabi/4.8.3/../../../../arm-none-eabi/lib/armv6-m\libc.a(lib_a-fini.o)
 .text.__libc_fini_array
                0x0001b79c       0x30 c:/program files (x86)/gnu tools arm embedded/4.8 2013q4/bin/../lib/gcc/arm-none-eabi/4.8.3/../../../../arm-none-eabi/lib/armv6-m\libc.a(lib_a-fini.o)
                0x0001b79c                __libc_fini_array
 .text          0x0001b7cc        0x0 c:/program files (x86)/gnu tools arm embedded/4.8 2013q4/bin/../lib/gcc/arm-none-eabi/4.8.3/../../../../arm-none-eabi/lib/armv6-m\libc.a(lib_a-__atexit.o)
 .text.__register_exitproc
                0x0001b7cc       0xc0 c:/program files (x86)/gnu tools arm embedded/4.8 2013q4/bin/../lib/gcc/arm-none-eabi/4.8.3/../../../../arm-none-eabi/lib/armv6-m\libc.a(lib_a-__atexit.o)
                0x0001b7cc                __register_exitproc
 .text          0x0001b88c        0x0 c:/program files (x86)/gnu tools arm embedded/4.8 2013q4/bin/../lib/gcc/arm-none-eabi/4.8.3/armv6-m/crtend.o
 .text          0x0001b88c        0x0 c:/program files (x86)/gnu tools arm embedded/4.8 2013q4/bin/../lib/gcc/arm-none-eabi/4.8.3/armv6-m/crtn.o
 .text          0x0001b88c        0x0 c:/program files (x86)/gnu tools arm embedded/4.8 2013q4/bin/../lib/gcc/arm-none-eabi/4.8.3/../../../../arm-none-eabi/lib/armv6-m\libnosys.a(_exit.o)
 .text._exit    0x0001b88c        0x4 c:/program files (x86)/gnu tools arm embedded/4.8 2013q4/bin/../lib/gcc/arm-none-eabi/4.8.3/../../../../arm-none-eabi/lib/armv6-m\libnosys.a(_exit.o)
                0x0001b88c                _exit
 *(.init)
 .init          0x0001b890        0x4 c:/program files (x86)/gnu tools arm embedded/4.8 2013q4/bin/../lib/gcc/arm-none-eabi/4.8.3/armv6-m/crti.o
                0x0001b890                _init
 .init          0x0001b894        0x8 c:/program files (x86)/gnu tools arm embedded/4.8 2013q4/bin/../lib/gcc/arm-none-eabi/4.8.3/armv6-m/crtn.o
 *(.fini)
 .fini          0x0001b89c        0x4 c:/program files (x86)/gnu tools arm embedded/4.8 2013q4/bin/../lib/gcc/arm-none-eabi/4.8.3/armv6-m/crti.o
                0x0001b89c                _fini
 .fini          0x0001b8a0        0x8 c:/program files (x86)/gnu tools arm embedded/4.8 2013q4/bin/../lib/gcc/arm-none-eabi/4.8.3/armv6-m/crtn.o
 *crtbegin.o(.ctors)
 *crtbegin?.o(.ctors)
 *(EXCLUDE_FILE(*crtend.o *crtend?.o) .ctors)
 *(SORT(.ctors.*))
 *(.ctors)
 *crtbegin.o(.dtors)
 *crtbegin?.o(.dtors)
 *(EXCLUDE_FILE(*crtend.o *crtend?.o) .dtors)
 *(SORT(.dtors.*))
 *(.dtors)
 *(.rodata*)
 .rodata        0x0001b8a8        0xc _build/main.o
 .rodata.str1.4
                0x0001b8b4       0x2c _build/main.o
 .rodata.str1.4
                0x0001b8e0       0x32 _build/ble_dis.o
                                 0x34 (size before relaxing)
 *fill*         0x0001b912        0x2 
 .rodata.str1.4
                0x0001b914       0x35 _build/softdevice_handler.o
                                 0x38 (size before relaxing)
 *fill*         0x0001b949        0x3 
 .rodata.str1.4
                0x0001b94c       0x2d _build/app_timer.o
                                 0x30 (size before relaxing)
 *fill*         0x0001b979        0x3 
 .rodata        0x0001b97c       0x1c _build/pstorage.o
 .rodata        0x0001b998       0x34 _build/device_manager_peripheral.o
                0x0001b998                m_service_context_store
                0x0001b9a8                m_service_context_load
                0x0001b9b8                m_service_context_apply
                0x0001b9c8                m_context_init_len
 .rodata.str1.4
                0x0001b9cc       0x2e _build/app_button.o
                                 0x30 (size before relaxing)
 *fill*         0x0001b9fa        0x2 
 .rodata.str1.4
                0x0001b9fc        0x4 c:/program files (x86)/gnu tools arm embedded/4.8 2013q4/bin/../lib/gcc/arm-none-eabi/4.8.3/../../../../arm-none-eabi/lib/armv6-m\libc.a(lib_a-impure.o)
 .rodata._global_impure_ptr
                0x0001ba00        0x4 c:/program files (x86)/gnu tools arm embedded/4.8 2013q4/bin/../lib/gcc/arm-none-eabi/4.8.3/../../../../arm-none-eabi/lib/armv6-m\libc.a(lib_a-impure.o)
                0x0001ba00                _global_impure_ptr
 *(.eh_frame*)
 .eh_frame      0x0001ba04        0x0 c:/program files (x86)/gnu tools arm embedded/4.8 2013q4/bin/../lib/gcc/arm-none-eabi/4.8.3/armv6-m/crtbegin.o
 .eh_frame      0x0001ba04        0x4 c:/program files (x86)/gnu tools arm embedded/4.8 2013q4/bin/../lib/gcc/arm-none-eabi/4.8.3/armv6-m/crtend.o

.glue_7         0x0001ba08        0x0
 .glue_7        0x00000000        0x0 linker stubs

.glue_7t        0x0001ba08        0x0
 .glue_7t       0x00000000        0x0 linker stubs

.vfp11_veneer   0x0001ba08        0x0
 .vfp11_veneer  0x00000000        0x0 linker stubs

.v4_bx          0x0001ba08        0x0
 .v4_bx         0x00000000        0x0 linker stubs

.iplt           0x0001ba08        0x0
 .iplt          0x00000000        0x0 c:/program files (x86)/gnu tools arm embedded/4.8 2013q4/bin/../lib/gcc/arm-none-eabi/4.8.3/armv6-m/crtbegin.o

.ARM.extab      0x0001ba08        0x0
 *(.ARM.extab* .gnu.linkonce.armextab.*)
 .ARM.extab     0x0001ba08        0x0 c:/program files (x86)/gnu tools arm embedded/4.8 2013q4/bin/../lib/gcc/arm-none-eabi/4.8.3/../../../../arm-none-eabi/lib/armv6-m/crt0.o
 .ARM.extab     0x0001ba08        0x0 _build/gcc_startup_nrf51.o
                0x0001ba08                __exidx_start = .

.ARM.exidx      0x0001ba08        0x8
 *(.ARM.exidx* .gnu.linkonce.armexidx.*)
 .ARM.exidx     0x0001ba08        0x8 c:/program files (x86)/gnu tools arm embedded/4.8 2013q4/bin/../lib/gcc/arm-none-eabi/4.8.3/../../../../arm-none-eabi/lib/armv6-m/crt0.o
 .ARM.exidx     0x0001ba10        0x0 _build/gcc_startup_nrf51.o
                                  0x8 (size before relaxing)
                0x0001ba10                __exidx_end = .
                0x0001ba10                __etext = .

.rel.dyn        0x0001ba10        0x0
 .rel.iplt      0x00000000        0x0 c:/program files (x86)/gnu tools arm embedded/4.8 2013q4/bin/../lib/gcc/arm-none-eabi/4.8.3/armv6-m/crtbegin.o

.data           0x20002000      0x44c load address 0x0001ba10
                0x20002000                __data_start__ = .
 *(vtable)
 *(.data*)
 .data          0x20002000        0x0 c:/program files (x86)/gnu tools arm embedded/4.8 2013q4/bin/../lib/gcc/arm-none-eabi/4.8.3/armv6-m/crti.o
 .data          0x20002000        0x4 c:/program files (x86)/gnu tools arm embedded/4.8 2013q4/bin/../lib/gcc/arm-none-eabi/4.8.3/armv6-m/crtbegin.o
                0x20002000                __dso_handle
 .data          0x20002004        0x0 c:/program files (x86)/gnu tools arm embedded/4.8 2013q4/bin/../lib/gcc/arm-none-eabi/4.8.3/../../../../arm-none-eabi/lib/armv6-m/crt0.o
 .data          0x20002004        0x4 _build/main.o
 .data          0x20002008        0x0 _build/ble_dis.o
 .data          0x20002008        0x0 _build/ble_bas.o
 .data          0x20002008        0x0 _build/ble_hrs.o
 .data          0x20002008        0x0 _build/ble_srv_common.o
 .data          0x20002008        0x0 _build/ble_sensorsim.o
 .data          0x20002008        0x0 _build/softdevice_handler.o
 .data          0x20002008        0x0 _build/ble_advdata.o
 .data          0x20002008        0x0 _build/ble_debug_assert_handler.o
 .data          0x20002008        0x0 _build/ble_error_log.o
 .data          0x20002008        0x0 _build/ble_conn_params.o
 .data          0x20002008        0x0 _build/app_timer.o
 .data          0x20002008        0x0 _build/pstorage.o
 .data          0x20002008        0x0 _build/crc16.o
 .data          0x20002008        0x0 _build/device_manager_peripheral.o
 .data          0x20002008        0x0 _build/app_trace.o
 .data          0x20002008        0x0 _build/simple_uart.o
 .data          0x20002008        0x0 _build/app_gpiote.o
 .data          0x20002008        0x0 _build/app_button.o
 .data          0x20002008        0x4 _build/system_nrf51.o
                0x20002008                SystemCoreClock
 .data          0x2000200c        0x0 _build/gcc_startup_nrf51.o
 .data          0x2000200c        0x0 c:/program files (x86)/gnu tools arm embedded/4.8 2013q4/bin/../lib/gcc/arm-none-eabi/4.8.3/armv6-m\libgcc.a(_udivsi3.o)
 .data          0x2000200c        0x0 c:/program files (x86)/gnu tools arm embedded/4.8 2013q4/bin/../lib/gcc/arm-none-eabi/4.8.3/armv6-m\libgcc.a(_dvmd_tls.o)
 .data          0x2000200c        0x0 c:/program files (x86)/gnu tools arm embedded/4.8 2013q4/bin/../lib/gcc/arm-none-eabi/4.8.3/../../../../arm-none-eabi/lib/armv6-m\libc.a(lib_a-exit.o)
 .data          0x2000200c        0x0 c:/program files (x86)/gnu tools arm embedded/4.8 2013q4/bin/../lib/gcc/arm-none-eabi/4.8.3/../../../../arm-none-eabi/lib/armv6-m\libc.a(lib_a-impure.o)
 *fill*         0x2000200c        0x4 
 .data.impure_data
                0x20002010      0x428 c:/program files (x86)/gnu tools arm embedded/4.8 2013q4/bin/../lib/gcc/arm-none-eabi/4.8.3/../../../../arm-none-eabi/lib/armv6-m\libc.a(lib_a-impure.o)
 .data._impure_ptr
                0x20002438        0x4 c:/program files (x86)/gnu tools arm embedded/4.8 2013q4/bin/../lib/gcc/arm-none-eabi/4.8.3/../../../../arm-none-eabi/lib/armv6-m\libc.a(lib_a-impure.o)
                0x20002438                _impure_ptr
 .data          0x2000243c        0x0 c:/program files (x86)/gnu tools arm embedded/4.8 2013q4/bin/../lib/gcc/arm-none-eabi/4.8.3/../../../../arm-none-eabi/lib/armv6-m\libc.a(lib_a-init.o)
 .data          0x2000243c        0x0 c:/program files (x86)/gnu tools arm embedded/4.8 2013q4/bin/../lib/gcc/arm-none-eabi/4.8.3/../../../../arm-none-eabi/lib/armv6-m\libc.a(lib_a-memcmp.o)
 .data          0x2000243c        0x0 c:/program files (x86)/gnu tools arm embedded/4.8 2013q4/bin/../lib/gcc/arm-none-eabi/4.8.3/../../../../arm-none-eabi/lib/armv6-m\libc.a(lib_a-memcpy-stub.o)
 .data          0x2000243c        0x0 c:/program files (x86)/gnu tools arm embedded/4.8 2013q4/bin/../lib/gcc/arm-none-eabi/4.8.3/../../../../arm-none-eabi/lib/armv6-m\libc.a(lib_a-memmove.o)
 .data          0x2000243c        0x0 c:/program files (x86)/gnu tools arm embedded/4.8 2013q4/bin/../lib/gcc/arm-none-eabi/4.8.3/../../../../arm-none-eabi/lib/armv6-m\libc.a(lib_a-memset.o)
 .data          0x2000243c        0x0 c:/program files (x86)/gnu tools arm embedded/4.8 2013q4/bin/../lib/gcc/arm-none-eabi/4.8.3/../../../../arm-none-eabi/lib/armv6-m\libc.a(lib_a-strlen.o)
 .data          0x2000243c        0x0 c:/program files (x86)/gnu tools arm embedded/4.8 2013q4/bin/../lib/gcc/arm-none-eabi/4.8.3/../../../../arm-none-eabi/lib/armv6-m\libc.a(lib_a-strncpy.o)
 .data          0x2000243c        0x0 c:/program files (x86)/gnu tools arm embedded/4.8 2013q4/bin/../lib/gcc/arm-none-eabi/4.8.3/../../../../arm-none-eabi/lib/armv6-m\libc.a(lib_a-__call_atexit.o)
 .data          0x2000243c        0x0 c:/program files (x86)/gnu tools arm embedded/4.8 2013q4/bin/../lib/gcc/arm-none-eabi/4.8.3/../../../../arm-none-eabi/lib/armv6-m\libc.a(lib_a-atexit.o)
 .data          0x2000243c        0x0 c:/program files (x86)/gnu tools arm embedded/4.8 2013q4/bin/../lib/gcc/arm-none-eabi/4.8.3/../../../../arm-none-eabi/lib/armv6-m\libc.a(lib_a-fini.o)
 .data          0x2000243c        0x0 c:/program files (x86)/gnu tools arm embedded/4.8 2013q4/bin/../lib/gcc/arm-none-eabi/4.8.3/../../../../arm-none-eabi/lib/armv6-m\libc.a(lib_a-__atexit.o)
 .data          0x2000243c        0x0 c:/program files (x86)/gnu tools arm embedded/4.8 2013q4/bin/../lib/gcc/arm-none-eabi/4.8.3/armv6-m/crtend.o
 .data          0x2000243c        0x0 c:/program files (x86)/gnu tools arm embedded/4.8 2013q4/bin/../lib/gcc/arm-none-eabi/4.8.3/armv6-m/crtn.o
 .data          0x2000243c        0x0 c:/program files (x86)/gnu tools arm embedded/4.8 2013q4/bin/../lib/gcc/arm-none-eabi/4.8.3/../../../../arm-none-eabi/lib/armv6-m\libnosys.a(_exit.o)
                0x2000243c                . = ALIGN (0x4)
                0x2000243c                PROVIDE (__preinit_array_start, .)
 *(.preinit_array)
                0x2000243c                PROVIDE (__preinit_array_end, .)
                0x2000243c                . = ALIGN (0x4)
                0x2000243c                PROVIDE (__init_array_start, .)
 *(SORT(.init_array.*))
 .init_array.00000
                0x2000243c        0x4 c:/program files (x86)/gnu tools arm embedded/4.8 2013q4/bin/../lib/gcc/arm-none-eabi/4.8.3/../../../../arm-none-eabi/lib/armv6-m\libc.a(lib_a-__call_atexit.o)
 *(.init_array)
 .init_array    0x20002440        0x4 c:/program files (x86)/gnu tools arm embedded/4.8 2013q4/bin/../lib/gcc/arm-none-eabi/4.8.3/armv6-m/crtbegin.o
                0x20002444                PROVIDE (__init_array_end, .)
                0x20002444                . = ALIGN (0x4)
                0x20002444                PROVIDE (__fini_array_start, .)
 *(SORT(.fini_array.*))
 *(.fini_array)
 .fini_array    0x20002444        0x4 c:/program files (x86)/gnu tools arm embedded/4.8 2013q4/bin/../lib/gcc/arm-none-eabi/4.8.3/armv6-m/crtbegin.o
                0x20002448                PROVIDE (__fini_array_end, .)
 *(.jcr)
 .jcr           0x20002448        0x0 c:/program files (x86)/gnu tools arm embedded/4.8 2013q4/bin/../lib/gcc/arm-none-eabi/4.8.3/armv6-m/crtbegin.o
 .jcr           0x20002448        0x4 c:/program files (x86)/gnu tools arm embedded/4.8 2013q4/bin/../lib/gcc/arm-none-eabi/4.8.3/armv6-m/crtend.o
                0x2000244c                . = ALIGN (0x4)
                0x2000244c                __data_end__ = .

.igot.plt       0x2000244c        0x0 load address 0x0001be5c
 .igot.plt      0x00000000        0x0 c:/program files (x86)/gnu tools arm embedded/4.8 2013q4/bin/../lib/gcc/arm-none-eabi/4.8.3/armv6-m/crtbegin.o

.bss            0x2000244c      0x9e8 load address 0x0001be5c
                0x2000244c                . = ALIGN (0x4)
                0x2000244c                __bss_start__ = .
 *(.bss*)
 .bss           0x2000244c        0x0 c:/program files (x86)/gnu tools arm embedded/4.8 2013q4/bin/../lib/gcc/arm-none-eabi/4.8.3/armv6-m/crti.o
 .bss           0x2000244c       0x1c c:/program files (x86)/gnu tools arm embedded/4.8 2013q4/bin/../lib/gcc/arm-none-eabi/4.8.3/armv6-m/crtbegin.o
 .bss           0x20002468        0x0 c:/program files (x86)/gnu tools arm embedded/4.8 2013q4/bin/../lib/gcc/arm-none-eabi/4.8.3/../../../../arm-none-eabi/lib/armv6-m/crt0.o
 .bss           0x20002468      0x3ec _build/main.o
 .bss           0x20002854       0x4c _build/ble_dis.o
 .bss           0x200028a0        0x0 _build/ble_bas.o
 .bss           0x200028a0        0x0 _build/ble_hrs.o
 .bss           0x200028a0        0x0 _build/ble_srv_common.o
 .bss           0x200028a0        0x0 _build/ble_sensorsim.o
 .bss           0x200028a0       0x18 _build/softdevice_handler.o
 .bss           0x200028b8        0x0 _build/ble_advdata.o
 .bss           0x200028b8       0x88 _build/ble_debug_assert_handler.o
 .bss           0x20002940      0x188 _build/ble_error_log.o
 .bss           0x20002ac8       0x38 _build/ble_conn_params.o
 .bss           0x20002b00       0x2c _build/app_timer.o
 .bss           0x20002b2c       0xec _build/pstorage.o
 .bss           0x20002c18        0x0 _build/crc16.o
 .bss           0x20002c18      0x120 _build/device_manager_peripheral.o
 .bss           0x20002d38        0x0 _build/app_trace.o
 .bss           0x20002d38        0x0 _build/simple_uart.o
 .bss           0x20002d38       0x10 _build/app_gpiote.o
 .bss           0x20002d48       0x1c _build/app_button.o
 .bss           0x20002d64        0x0 _build/system_nrf51.o
 .bss           0x20002d64        0x0 _build/gcc_startup_nrf51.o
 .bss           0x20002d64        0x0 c:/program files (x86)/gnu tools arm embedded/4.8 2013q4/bin/../lib/gcc/arm-none-eabi/4.8.3/armv6-m\libgcc.a(_udivsi3.o)
 .bss           0x20002d64        0x0 c:/program files (x86)/gnu tools arm embedded/4.8 2013q4/bin/../lib/gcc/arm-none-eabi/4.8.3/armv6-m\libgcc.a(_dvmd_tls.o)
 .bss           0x20002d64        0x0 c:/program files (x86)/gnu tools arm embedded/4.8 2013q4/bin/../lib/gcc/arm-none-eabi/4.8.3/../../../../arm-none-eabi/lib/armv6-m\libc.a(lib_a-exit.o)
 .bss           0x20002d64        0x0 c:/program files (x86)/gnu tools arm embedded/4.8 2013q4/bin/../lib/gcc/arm-none-eabi/4.8.3/../../../../arm-none-eabi/lib/armv6-m\libc.a(lib_a-impure.o)
 .bss           0x20002d64        0x0 c:/program files (x86)/gnu tools arm embedded/4.8 2013q4/bin/../lib/gcc/arm-none-eabi/4.8.3/../../../../arm-none-eabi/lib/armv6-m\libc.a(lib_a-init.o)
 .bss           0x20002d64        0x0 c:/program files (x86)/gnu tools arm embedded/4.8 2013q4/bin/../lib/gcc/arm-none-eabi/4.8.3/../../../../arm-none-eabi/lib/armv6-m\libc.a(lib_a-memcmp.o)
 .bss           0x20002d64        0x0 c:/program files (x86)/gnu tools arm embedded/4.8 2013q4/bin/../lib/gcc/arm-none-eabi/4.8.3/../../../../arm-none-eabi/lib/armv6-m\libc.a(lib_a-memcpy-stub.o)
 .bss           0x20002d64        0x0 c:/program files (x86)/gnu tools arm embedded/4.8 2013q4/bin/../lib/gcc/arm-none-eabi/4.8.3/../../../../arm-none-eabi/lib/armv6-m\libc.a(lib_a-memmove.o)
 .bss           0x20002d64        0x0 c:/program files (x86)/gnu tools arm embedded/4.8 2013q4/bin/../lib/gcc/arm-none-eabi/4.8.3/../../../../arm-none-eabi/lib/armv6-m\libc.a(lib_a-memset.o)
 .bss           0x20002d64        0x0 c:/program files (x86)/gnu tools arm embedded/4.8 2013q4/bin/../lib/gcc/arm-none-eabi/4.8.3/../../../../arm-none-eabi/lib/armv6-m\libc.a(lib_a-strlen.o)
 .bss           0x20002d64        0x0 c:/program files (x86)/gnu tools arm embedded/4.8 2013q4/bin/../lib/gcc/arm-none-eabi/4.8.3/../../../../arm-none-eabi/lib/armv6-m\libc.a(lib_a-strncpy.o)
 .bss           0x20002d64        0x0 c:/program files (x86)/gnu tools arm embedded/4.8 2013q4/bin/../lib/gcc/arm-none-eabi/4.8.3/../../../../arm-none-eabi/lib/armv6-m\libc.a(lib_a-__call_atexit.o)
 .bss           0x20002d64        0x0 c:/program files (x86)/gnu tools arm embedded/4.8 2013q4/bin/../lib/gcc/arm-none-eabi/4.8.3/../../../../arm-none-eabi/lib/armv6-m\libc.a(lib_a-atexit.o)
 .bss           0x20002d64        0x0 c:/program files (x86)/gnu tools arm embedded/4.8 2013q4/bin/../lib/gcc/arm-none-eabi/4.8.3/../../../../arm-none-eabi/lib/armv6-m\libc.a(lib_a-fini.o)
 .bss           0x20002d64        0x0 c:/program files (x86)/gnu tools arm embedded/4.8 2013q4/bin/../lib/gcc/arm-none-eabi/4.8.3/../../../../arm-none-eabi/lib/armv6-m\libc.a(lib_a-__atexit.o)
 .bss           0x20002d64        0x0 c:/program files (x86)/gnu tools arm embedded/4.8 2013q4/bin/../lib/gcc/arm-none-eabi/4.8.3/armv6-m/crtend.o
 .bss           0x20002d64        0x0 c:/program files (x86)/gnu tools arm embedded/4.8 2013q4/bin/../lib/gcc/arm-none-eabi/4.8.3/armv6-m/crtn.o
 .bss           0x20002d64        0x0 c:/program files (x86)/gnu tools arm embedded/4.8 2013q4/bin/../lib/gcc/arm-none-eabi/4.8.3/../../../../arm-none-eabi/lib/armv6-m\libnosys.a(_exit.o)
 *(COMMON)
 COMMON         0x20002d64       0xd0 _build/app_trace.o
                0x20002d64                __stdin
                0x20002dcc                __stdout
                0x20002e34                . = ALIGN (0x4)
                0x20002e34                __bss_end__ = .

.heap           0x20002e38        0x0
                0x20002e38                __end__ = .
                0x20002e38                end = __end__
 *(.heap*)
 .heap          0x20002e38        0x0 _build/gcc_startup_nrf51.o
                0x20002e38                __HeapLimit = .

.stack_dummy    0x20002e38      0x800
 *(.stack*)
 .stack         0x20002e38      0x800 _build/gcc_startup_nrf51.o
                0x20004000                __StackTop = (ORIGIN (RAM) + 0x2000)
                0x20003800                __StackLimit = (__StackTop - SIZEOF (.stack_dummy))
                0x20004000                PROVIDE (__stack, __StackTop)
                0x00000001                ASSERT ((__StackLimit >= __HeapLimit), region RAM overflowed with stack)
OUTPUT(_build/ble_app_hrs_s110_xxaa.out elf32-littlearm)

.ARM.attributes
                0x00000000       0x28
 .ARM.attributes
                0x00000000       0x1e c:/program files (x86)/gnu tools arm embedded/4.8 2013q4/bin/../lib/gcc/arm-none-eabi/4.8.3/armv6-m/crti.o
 .ARM.attributes
                0x0000001e       0x2c c:/program files (x86)/gnu tools arm embedded/4.8 2013q4/bin/../lib/gcc/arm-none-eabi/4.8.3/armv6-m/crtbegin.o
 .ARM.attributes
                0x0000004a       0x1b c:/program files (x86)/gnu tools arm embedded/4.8 2013q4/bin/../lib/gcc/arm-none-eabi/4.8.3/../../../../arm-none-eabi/lib/armv6-m/crt0.o
 .ARM.attributes
                0x00000065       0x31 _build/main.o
 .ARM.attributes
                0x00000096       0x31 _build/ble_dis.o
 .ARM.attributes
                0x000000c7       0x31 _build/ble_bas.o
 .ARM.attributes
                0x000000f8       0x31 _build/ble_hrs.o
 .ARM.attributes
                0x00000129       0x31 _build/ble_srv_common.o
 .ARM.attributes
                0x0000015a       0x31 _build/ble_sensorsim.o
 .ARM.attributes
                0x0000018b       0x31 _build/softdevice_handler.o
 .ARM.attributes
                0x000001bc       0x31 _build/ble_advdata.o
 .ARM.attributes
                0x000001ed       0x31 _build/ble_debug_assert_handler.o
 .ARM.attributes
                0x0000021e       0x31 _build/ble_error_log.o
 .ARM.attributes
                0x0000024f       0x31 _build/ble_conn_params.o
 .ARM.attributes
                0x00000280       0x31 _build/app_timer.o
 .ARM.attributes
                0x000002b1       0x31 _build/pstorage.o
 .ARM.attributes
                0x000002e2       0x31 _build/crc16.o
 .ARM.attributes
                0x00000313       0x31 _build/device_manager_peripheral.o
 .ARM.attributes
                0x00000344       0x31 _build/app_trace.o
 .ARM.attributes
                0x00000375       0x31 _build/simple_uart.o
 .ARM.attributes
                0x000003a6       0x31 _build/app_gpiote.o
 .ARM.attributes
                0x000003d7       0x31 _build/app_button.o
 .ARM.attributes
                0x00000408       0x31 _build/system_nrf51.o
 .ARM.attributes
                0x00000439       0x1b _build/gcc_startup_nrf51.o
 .ARM.attributes
                0x00000454       0x1e c:/program files (x86)/gnu tools arm embedded/4.8 2013q4/bin/../lib/gcc/arm-none-eabi/4.8.3/armv6-m\libgcc.a(_udivsi3.o)
 .ARM.attributes
                0x00000472       0x1e c:/program files (x86)/gnu tools arm embedded/4.8 2013q4/bin/../lib/gcc/arm-none-eabi/4.8.3/armv6-m\libgcc.a(_dvmd_tls.o)
 .ARM.attributes
                0x00000490       0x2c c:/program files (x86)/gnu tools arm embedded/4.8 2013q4/bin/../lib/gcc/arm-none-eabi/4.8.3/../../../../arm-none-eabi/lib/armv6-m\libc.a(lib_a-exit.o)
 .ARM.attributes
                0x000004bc       0x2c c:/program files (x86)/gnu tools arm embedded/4.8 2013q4/bin/../lib/gcc/arm-none-eabi/4.8.3/../../../../arm-none-eabi/lib/armv6-m\libc.a(lib_a-impure.o)
 .ARM.attributes
                0x000004e8       0x2c c:/program files (x86)/gnu tools arm embedded/4.8 2013q4/bin/../lib/gcc/arm-none-eabi/4.8.3/../../../../arm-none-eabi/lib/armv6-m\libc.a(lib_a-init.o)
 .ARM.attributes
                0x00000514       0x2c c:/program files (x86)/gnu tools arm embedded/4.8 2013q4/bin/../lib/gcc/arm-none-eabi/4.8.3/../../../../arm-none-eabi/lib/armv6-m\libc.a(lib_a-memcmp.o)
 .ARM.attributes
                0x00000540       0x2c c:/program files (x86)/gnu tools arm embedded/4.8 2013q4/bin/../lib/gcc/arm-none-eabi/4.8.3/../../../../arm-none-eabi/lib/armv6-m\libc.a(lib_a-memcpy-stub.o)
 .ARM.attributes
                0x0000056c       0x2c c:/program files (x86)/gnu tools arm embedded/4.8 2013q4/bin/../lib/gcc/arm-none-eabi/4.8.3/../../../../arm-none-eabi/lib/armv6-m\libc.a(lib_a-memmove.o)
 .ARM.attributes
                0x00000598       0x2c c:/program files (x86)/gnu tools arm embedded/4.8 2013q4/bin/../lib/gcc/arm-none-eabi/4.8.3/../../../../arm-none-eabi/lib/armv6-m\libc.a(lib_a-memset.o)
 .ARM.attributes
                0x000005c4       0x2c c:/program files (x86)/gnu tools arm embedded/4.8 2013q4/bin/../lib/gcc/arm-none-eabi/4.8.3/../../../../arm-none-eabi/lib/armv6-m\libc.a(lib_a-strlen.o)
 .ARM.attributes
                0x000005f0       0x2c c:/program files (x86)/gnu tools arm embedded/4.8 2013q4/bin/../lib/gcc/arm-none-eabi/4.8.3/../../../../arm-none-eabi/lib/armv6-m\libc.a(lib_a-strncpy.o)
 .ARM.attributes
                0x0000061c       0x2c c:/program files (x86)/gnu tools arm embedded/4.8 2013q4/bin/../lib/gcc/arm-none-eabi/4.8.3/../../../../arm-none-eabi/lib/armv6-m\libc.a(lib_a-__call_atexit.o)
 .ARM.attributes
                0x00000648       0x2c c:/program files (x86)/gnu tools arm embedded/4.8 2013q4/bin/../lib/gcc/arm-none-eabi/4.8.3/../../../../arm-none-eabi/lib/armv6-m\libc.a(lib_a-atexit.o)
 .ARM.attributes
                0x00000674       0x2c c:/program files (x86)/gnu tools arm embedded/4.8 2013q4/bin/../lib/gcc/arm-none-eabi/4.8.3/../../../../arm-none-eabi/lib/armv6-m\libc.a(lib_a-fini.o)
 .ARM.attributes
                0x000006a0       0x2c c:/program files (x86)/gnu tools arm embedded/4.8 2013q4/bin/../lib/gcc/arm-none-eabi/4.8.3/../../../../arm-none-eabi/lib/armv6-m\libc.a(lib_a-__atexit.o)
 .ARM.attributes
                0x000006cc       0x2c c:/program files (x86)/gnu tools arm embedded/4.8 2013q4/bin/../lib/gcc/arm-none-eabi/4.8.3/armv6-m/crtend.o
 .ARM.attributes
                0x000006f8       0x1e c:/program files (x86)/gnu tools arm embedded/4.8 2013q4/bin/../lib/gcc/arm-none-eabi/4.8.3/armv6-m/crtn.o
 .ARM.attributes
                0x00000716       0x2c c:/program files (x86)/gnu tools arm embedded/4.8 2013q4/bin/../lib/gcc/arm-none-eabi/4.8.3/../../../../arm-none-eabi/lib/armv6-m\libnosys.a(_exit.o)

.comment        0x00000000       0x70
 .comment       0x00000000       0x70 _build/main.o
                                 0x71 (size before relaxing)
 .comment       0x00000000       0x71 _build/ble_dis.o
 .comment       0x00000000       0x71 _build/ble_bas.o
 .comment       0x00000000       0x71 _build/ble_hrs.o
 .comment       0x00000000       0x71 _build/ble_srv_common.o
 .comment       0x00000000       0x71 _build/ble_sensorsim.o
 .comment       0x00000000       0x71 _build/softdevice_handler.o
 .comment       0x00000000       0x71 _build/ble_advdata.o
 .comment       0x00000000       0x71 _build/ble_debug_assert_handler.o
 .comment       0x00000000       0x71 _build/ble_error_log.o
 .comment       0x00000000       0x71 _build/ble_conn_params.o
 .comment       0x00000000       0x71 _build/app_timer.o
 .comment       0x00000000       0x71 _build/pstorage.o
 .comment       0x00000000       0x71 _build/crc16.o
 .comment       0x00000000       0x71 _build/device_manager_peripheral.o
 .comment       0x00000000       0x71 _build/app_trace.o
 .comment       0x00000000       0x71 _build/simple_uart.o
 .comment       0x00000000       0x71 _build/app_gpiote.o
 .comment       0x00000000       0x71 _build/app_button.o
 .comment       0x00000000       0x71 _build/system_nrf51.o

.debug_frame    0x00000000      0x288
 .debug_frame   0x00000000       0x20 c:/program files (x86)/gnu tools arm embedded/4.8 2013q4/bin/../lib/gcc/arm-none-eabi/4.8.3/armv6-m\libgcc.a(_udivsi3.o)
 .debug_frame   0x00000020       0x28 c:/program files (x86)/gnu tools arm embedded/4.8 2013q4/bin/../lib/gcc/arm-none-eabi/4.8.3/../../../../arm-none-eabi/lib/armv6-m\libc.a(lib_a-exit.o)
 .debug_frame   0x00000048       0x2c c:/program files (x86)/gnu tools arm embedded/4.8 2013q4/bin/../lib/gcc/arm-none-eabi/4.8.3/../../../../arm-none-eabi/lib/armv6-m\libc.a(lib_a-init.o)
 .debug_frame   0x00000074       0x2c c:/program files (x86)/gnu tools arm embedded/4.8 2013q4/bin/../lib/gcc/arm-none-eabi/4.8.3/../../../../arm-none-eabi/lib/armv6-m\libc.a(lib_a-memcmp.o)
 .debug_frame   0x000000a0       0x30 c:/program files (x86)/gnu tools arm embedded/4.8 2013q4/bin/../lib/gcc/arm-none-eabi/4.8.3/../../../../arm-none-eabi/lib/armv6-m\libc.a(lib_a-memcpy-stub.o)
 .debug_frame   0x000000d0       0x30 c:/program files (x86)/gnu tools arm embedded/4.8 2013q4/bin/../lib/gcc/arm-none-eabi/4.8.3/../../../../arm-none-eabi/lib/armv6-m\libc.a(lib_a-memmove.o)
 .debug_frame   0x00000100       0x38 c:/program files (x86)/gnu tools arm embedded/4.8 2013q4/bin/../lib/gcc/arm-none-eabi/4.8.3/../../../../arm-none-eabi/lib/armv6-m\libc.a(lib_a-memset.o)
 .debug_frame   0x00000138       0x20 c:/program files (x86)/gnu tools arm embedded/4.8 2013q4/bin/../lib/gcc/arm-none-eabi/4.8.3/../../../../arm-none-eabi/lib/armv6-m\libc.a(lib_a-strlen.o)
 .debug_frame   0x00000158       0x30 c:/program files (x86)/gnu tools arm embedded/4.8 2013q4/bin/../lib/gcc/arm-none-eabi/4.8.3/../../../../arm-none-eabi/lib/armv6-m\libc.a(lib_a-strncpy.o)
 .debug_frame   0x00000188       0x54 c:/program files (x86)/gnu tools arm embedded/4.8 2013q4/bin/../lib/gcc/arm-none-eabi/4.8.3/../../../../arm-none-eabi/lib/armv6-m\libc.a(lib_a-__call_atexit.o)
 .debug_frame   0x000001dc       0x28 c:/program files (x86)/gnu tools arm embedded/4.8 2013q4/bin/../lib/gcc/arm-none-eabi/4.8.3/../../../../arm-none-eabi/lib/armv6-m\libc.a(lib_a-atexit.o)
 .debug_frame   0x00000204       0x2c c:/program files (x86)/gnu tools arm embedded/4.8 2013q4/bin/../lib/gcc/arm-none-eabi/4.8.3/../../../../arm-none-eabi/lib/armv6-m\libc.a(lib_a-fini.o)
 .debug_frame   0x00000230       0x38 c:/program files (x86)/gnu tools arm embedded/4.8 2013q4/bin/../lib/gcc/arm-none-eabi/4.8.3/../../../../arm-none-eabi/lib/armv6-m\libc.a(lib_a-__atexit.o)
 .debug_frame   0x00000268       0x20 c:/program files (x86)/gnu tools arm embedded/4.8 2013q4/bin/../lib/gcc/arm-none-eabi/4.8.3/../../../../arm-none-eabi/lib/armv6-m\libnosys.a(_exit.o)
